
> vite_react_shadcn_ts@0.0.0 build
> vite build

[36mvite v5.4.19 [32mbuilding for production...[36m[39m
transforming...
node.exe : 
Browserslist: 
browsers data 
(caniuse-lite) is 9 
months old. Please 
run:
At C:\Program Files\no
dejs\npm.ps1:29 char:3
+   & $NODE_EXE 
$NPM_CLI_JS $args
+   ~~~~~~~~~~~~~~~~~~
~~~~~~~~~~~
    + CategoryInfo    
          : NotSpeci  
  fied: (Browsersli   
 st: b...ld. Pleas    
e run::String) []    
, RemoteException
    + FullyQualifiedE 
   rrorId : NativeCo  
  mmandError
 
  npx update-browsersl
ist-db@latest
  Why you should do 
it regularly: https://
github.com/browserslis
t/update-db#readme
[32mΓ£ô[39m 2222 modules transformed.
rendering chunks...
computing gzip size...
[2mdist/[22m[32mindex.html                                         [39m[1m[2m    3.72 kB[22m[1m[22m[2m Γöé gzip:  1.50 kB[22m
[2mdist/[22m[32massets/street-children-xcRXTE1-.png                [39m[1m[2m  100.78 kB[22m[1m[22m
[2mdist/[22m[32massets/iso-9001-badge-DYjuBNhC.png                 [39m[1m[2m  126.21 kB[22m[1m[22m
[2mdist/[22m[32massets/oil-plant-hq-B2asJnHJ.jpg                   [39m[1m[2m  142.58 kB[22m[1m[22m
[2mdist/[22m[32massets/hero-8-DQ7d9cxk.jpg                         [39m[1m[2m  173.57 kB[22m[1m[22m
[2mdist/[22m[32massets/green-hydrogen-plant-DorLZvgQ.jpg           [39m[1m[2m  204.22 kB[22m[1m[22m
[2mdist/[22m[32massets/gtl-pilot-plant-Bwq3yyrF.jpg                [39m[1m[2m  213.91 kB[22m[1m[22m
[2mdist/[22m[32massets/linde-hydrogen-BWFel9td.jpg                 [39m[1m[2m  216.03 kB[22m[1m[22m
[2mdist/[22m[32massets/hero-6-BEY6vEjg.jpg                         [39m[1m[2m  216.28 kB[22m[1m[22m
[2mdist/[22m[32massets/gas-midstream-pipeline-BiVjLqjo.jpg         [39m[1m[2m  219.82 kB[22m[1m[22m
[2mdist/[22m[32massets/prai-power-plant-N8aKr34L.jpg               [39m[1m[2m  222.42 kB[22m[1m[22m
[2mdist/[22m[32massets/recycled-water-tanks-DGdZcZp9.jpg           [39m[1m[2m  228.25 kB[22m[1m[22m
[2mdist/[22m[32massets/botas-adapazari-compressor-DmjXLU5R.png     [39m[1m[2m  240.23 kB[22m[1m[22m
[2mdist/[22m[32massets/cairn-ne-stage2-DzTpcptU.jpg                [39m[1m[2m  241.21 kB[22m[1m[22m
[2mdist/[22m[32massets/lng-lpg-storage-CKpNgVcn.jpg                [39m[1m[2m  242.10 kB[22m[1m[22m
[2mdist/[22m[32massets/logo_sb-Bn6ZLc3p.png                        [39m[1m[2m  249.77 kB[22m[1m[22m
[2mdist/[22m[32massets/raichem-ao-extension-Bqq6yArs.jpg           [39m[1m[2m  257.81 kB[22m[1m[22m
[2mdist/[22m[32massets/emas-project-mdzVcWDi.jpg                   [39m[1m[2m  259.21 kB[22m[1m[22m
[2mdist/[22m[32massets/cyme-power-system-simulator-Mp-U6pD7.jpg    [39m[1m[2m  260.48 kB[22m[1m[22m
[2mdist/[22m[32massets/skid-water-treatment-B6WzopHB.jpg           [39m[1m[2m  274.80 kB[22m[1m[22m
[2mdist/[22m[32massets/jawa2-demineralization-DCjnL8k1.jpg         [39m[1m[2m  278.80 kB[22m[1m[22m
[2mdist/[22m[32massets/condensate-digitization-C6ozs_ky.png        [39m[1m[2m  284.66 kB[22m[1m[22m
[2mdist/[22m[32massets/tata-steel-support-C_HAf6Po.jpg             [39m[1m[2m  284.70 kB[22m[1m[22m
[2mdist/[22m[32massets/ongc-offshore-0YeTJH2e.jpg                  [39m[1m[2m  287.89 kB[22m[1m[22m
[2mdist/[22m[32massets/process-water-tank-dubai-Bd2lI6dV.jpg       [39m[1m[2m  288.62 kB[22m[1m[22m
[2mdist/[22m[32massets/hero-bg-new-CkmUEnsc.jpg                    [39m[1m[2m  294.15 kB[22m[1m[22m
[2mdist/[22m[32massets/pilot-reactor-flaker-B1Hg8wlY.png           [39m[1m[2m  296.75 kB[22m[1m[22m
[2mdist/[22m[32massets/tgv-sraac-caustic-soda-C71nlfaI.png         [39m[1m[2m  309.14 kB[22m[1m[22m
[2mdist/[22m[32massets/sulphuric-acid-plant-300-mtpd-Ba7kCdqQ.png  [39m[1m[2m  315.08 kB[22m[1m[22m
[2mdist/[22m[32massets/psv-verification-B2sTEFmv.jpg               [39m[1m[2m  316.00 kB[22m[1m[22m
[2mdist/[22m[32massets/butadiene-plant-DWuitgKs.png                [39m[1m[2m  327.75 kB[22m[1m[22m
[2mdist/[22m[32massets/hero-3-CAImbvRE.jpg                         [39m[1m[2m  333.76 kB[22m[1m[22m
[2mdist/[22m[32massets/hero-1-BVEEwMPL.jpg                         [39m[1m[2m  333.77 kB[22m[1m[22m
[2mdist/[22m[32massets/tea-injection-package-9VfP1oSm.png          [39m[1m[2m  337.33 kB[22m[1m[22m
[2mdist/[22m[32massets/mb-01-meglumine-project-KyR3H7Xn.png        [39m[1m[2m  345.45 kB[22m[1m[22m
[2mdist/[22m[32massets/hero-5-DHToRUaV.jpg                         [39m[1m[2m  350.53 kB[22m[1m[22m
[2mdist/[22m[32massets/p-80-fpso-Dz-P5_jT.png                      [39m[1m[2m  362.74 kB[22m[1m[22m
[2mdist/[22m[32massets/hero-7-B90Jg4FD.jpg                         [39m[1m[2m  377.80 kB[22m[1m[22m
[2mdist/[22m[32massets/iso-9001-certificate-DMBkgTBe.png           [39m[1m[2m  394.80 kB[22m[1m[22m
[2mdist/[22m[32massets/platform-r12-BLrGMao7.png                   [39m[1m[2m  395.77 kB[22m[1m[22m
[2mdist/[22m[32massets/ammonia-plant-russia-BonY2WcY.png           [39m[1m[2m  439.12 kB[22m[1m[22m
[2mdist/[22m[32massets/sulphuric-acid-plant-detailed-6nDWNthP.png  [39m[1m[2m  474.91 kB[22m[1m[22m
[2mdist/[22m[32massets/onshore-pipelines-terminals-CdhWkks-.png    [39m[1m[2m  611.03 kB[22m[1m[22m
[2mdist/[22m[32massets/edc-plant-civil-structural-BS5zuXDK.png     [39m[1m[2m  649.94 kB[22m[1m[22m
[2mdist/[22m[32massets/contact-hero-B9PnjnDi.png                   [39m[1m[2m  697.27 kB[22m[1m[22m
[2mdist/[22m[32massets/ammonia-plant-revamp-D-mEhN2i.png           [39m[1m[2m  710.03 kB[22m[1m[22m
[2mdist/[22m[32massets/csr-bg-BJyOV0eX.png                         [39m[1m[2m  732.39 kB[22m[1m[22m
[2mdist/[22m[32massets/green-hydrogen-pilot-Cis_loSu.png           [39m[1m[2m  751.66 kB[22m[1m[22m
[2mdist/[22m[32massets/sru-thermal-reactor-BHFKiUXv.png            [39m[1m[2m  754.86 kB[22m[1m[22m
[2mdist/[22m[32massets/agro-pellet-feeding-D3BjkOF4.png            [39m[1m[2m  772.24 kB[22m[1m[22m
[2mdist/[22m[32massets/ammonia-plant-electrical-DJFEE7XR.png       [39m[1m[2m  782.96 kB[22m[1m[22m
[2mdist/[22m[32massets/rapid-tank-farm-Brgi-923.png                [39m[1m[2m  996.03 kB[22m[1m[22m
[2mdist/[22m[32massets/lact-units-CbiKlfbK.png                     [39m[1m[2m1,001.94 kB[22m[1m[22m
[2mdist/[22m[35massets/index-h2tirHpx.css                          [39m[1m[2m  108.75 kB[22m[1m[22m[2m Γöé gzip: 18.23 kB[22m
[2mdist/[22m[36massets/PreBidProjects-fOhX-Dit.js                  [39m[1m[2m    0.35 kB[22m[1m[22m[2m Γöé gzip:  0.26 kB[22m
[2mdist/[22m[36massets/DetailProjects-Dlh8AocR.js                  [39m[1m[2m    0.35 kB[22m[1m[22m[2m Γöé gzip:  0.26 kB[22m
[2mdist/[22m[36massets/FeedProjects-CQkFrRxr.js                    [39m[1m[2m    0.35 kB[22m[1m[22m[2m Γöé gzip:  0.26 kB[22m
[2mdist/[22m[36massets/DigitalisationProjects-x0fGhoLj.js          [39m[1m[2m    0.36 kB[22m[1m[22m[2m Γöé gzip:  0.26 kB[22m
[2mdist/[22m[36massets/NotFound-B30COeqN.js                        [39m[1m[2m    0.84 kB[22m[1m[22m[2m Γöé gzip:  0.48 kB[22m
[2mdist/[22m[36massets/SEO-B5PawSyY.js                             [39m[1m[2m    1.24 kB[22m[1m[22m[2m Γöé gzip:  0.53 kB[22m
[2mdist/[22m[36massets/BubbleNavLink-5CyRgfG0.js                   [39m[1m[2m    1.27 kB[22m[1m[22m[2m Γöé gzip:  0.67 kB[22m
[2mdist/[22m[36massets/Projects-MJaMKHOv.js                        [39m[1m[2m    2.02 kB[22m[1m[22m[2m Γöé gzip:  0.90 kB[22m
[2mdist/[22m[36massets/ProjectsComingSoon-C8eUNHdd.js              [39m[1m[2m    2.18 kB[22m[1m[22m[2m Γöé gzip:  1.07 kB[22m
[2mdist/[22m[36massets/VerticalTabsSection-BHYvH95I.js             [39m[1m[2m    3.61 kB[22m[1m[22m[2m Γöé gzip:  1.53 kB[22m
[2mdist/[22m[36massets/Quality-cc3PXXSX.js                         [39m[1m[2m    4.04 kB[22m[1m[22m[2m Γöé gzip:  1.68 kB[22m
[2mdist/[22m[36massets/Disciplines-D5s03FJE.js                     [39m[1m[2m    5.02 kB[22m[1m[22m[2m Γöé gzip:  2.11 kB[22m
[2mdist/[22m[36massets/Careers-CXMr2ymu.js                         [39m[1m[2m    5.69 kB[22m[1m[22m[2m Γöé gzip:  1.88 kB[22m
[2mdist/[22m[36massets/HSE-DvdCbsCu.js                             [39m[1m[2m    5.71 kB[22m[1m[22m[2m Γöé gzip:  2.57 kB[22m
[2mdist/[22m[36massets/Index-F3O57OPo.js                           [39m[1m[2m    7.88 kB[22m[1m[22m[2m Γöé gzip:  2.75 kB[22m
[2mdist/[22m[36massets/CSR-oeQePIIw.js                             [39m[1m[2m   14.69 kB[22m[1m[22m[2m Γöé gzip:  4.51 kB[22m
[2mdist/[22m[36massets/TechnologyProviders-BaWbp7oq.js             [39m[1m[2m   18.90 kB[22m[1m[22m[2m Γöé gzip:  5.07 kB[22m
[2mdist/[22m[36massets/LctsPartnership-Fb7TqXGY.js                 [39m[1m[2m   19.15 kB[22m[1m[22m[2m Γöé gzip:  4.63 kB[22m
[2mdist/[22m[36massets/ProjectSection-Bhzd1GcP.js                  [39m[1m[2m   20.46 kB[22m[1m[22m[2m Γöé gzip:  7.18 kB[22m
[2mdist/[22m[36massets/query-CWrvw8qx.js                           [39m[1m[2m   27.43 kB[22m[1m[22m[2m Γöé gzip:  8.60 kB[22m
[2mdist/[22m[36massets/Business-DWcdbIyx.js                        [39m[1m[2m   31.11 kB[22m[1m[22m[2m Γöé gzip: 11.18 kB[22m
[2mdist/[22m[36massets/Services-DQYDFuGm.js                        [39m[1m[2m   53.49 kB[22m[1m[22m[2m Γöé gzip: 10.35 kB[22m
[2mdist/[22m[36massets/Contact-CyPTTEmM.js                         [39m[1m[2m   66.75 kB[22m[1m[22m[2m Γöé gzip: 16.19 kB[22m
[2mdist/[22m[36massets/ui-DpFXzK7m.js                              [39m[1m[2m   92.56 kB[22m[1m[22m[2m Γöé gzip: 30.26 kB[22m
[2mdist/[22m[36massets/framer-CYbEFfR7.js                          [39m[1m[2m  127.14 kB[22m[1m[22m[2m Γöé gzip: 42.31 kB[22m
[2mdist/[22m[36massets/vendor-BH3tPGx-.js                          [39m[1m[2m  162.87 kB[22m[1m[22m[2m Γöé gzip: 53.14 kB[22m
[2mdist/[22m[36massets/index-BwF9oktk.js                           [39m[1m[2m  172.34 kB[22m[1m[22m[2m Γöé gzip: 54.73 kB[22m
[32mΓ£ô built in 6.66s[39m
